<div class="row"><div class="col-6"><div class="form-group row"><div class="col-sm-4 control-label align-self-center"><label for="frm-dbsForm-form-second-text" class="col-form-label ">Text</label></div><div class="col-sm-8"><div class="input-group"><input type="text" name="second[text]" id="frm-dbsForm-form-second-text" class="form-control  "></div></div></div></div><div class="col-6"><div class="form-group row"><div class="col-sm-4 control-label align-self-center"><label for="frm-dbsForm-form-second-text1" class="col-form-label ">Text1</label></div><div class="col-sm-8"><div class="input-group"><input type="text" name="second[text1]" id="frm-dbsForm-form-second-text1" class="form-control  "></div></div></div></div></div>